// Jest Snapshot v1, https://goo.gl/fbAQLP

exports[`components/Media compound component 1`] = `
<div
  class="bdl-Media"
>
  <figure
    class="bdl-Media-figure"
  >
    <img
      alt="some img"
      src=""
    />
  </figure>
  <div
    class="bdl-Media-body"
  >
    <button
      aria-expanded="false"
      aria-haspopup="true"
      class="btn-plain bdl-Media-menu"
      id="menubutton2"
      type="button"
    >
      <icon-ellipsis />
    </button>
    <div>
      <b>
        Yo Yo Ma
      </b>
       commented on this file
    </div>
    <div>
      Please review the notes
    </div>
  </div>
</div>
`;
