// Jest Snapshot v1, https://goo.gl/fbAQLP

exports[`elements/content-sidebar/ActivitySidebar render() should render the activity feed sidebar 1`] = `
<SidebarContent
  actions={
    <withRouter(AddTaskButton)
      isDisabled={false}
      onTaskModalClose={[Function]}
      taskFormProps={
        Object {
          "approverSelectorContacts": undefined,
          "approvers": Array [],
          "completionRule": "ALL_ASSIGNEES",
          "createTask": [Function],
          "getApproverWithQuery": [Function],
          "getAvatarUrl": [Function],
          "id": "",
          "message": "",
        }
      }
    />
  }
  className="bcs-activity"
  elementId=""
  sidebarView="activity"
  title={
    <FormattedMessage
      defaultMessage="Activity"
      id="be.sidebarActivityTitle"
    />
  }
>
  <ActivityFeed
    file={
      Object {
        "file_version": Object {
          "id": "123",
        },
        "id": "I_AM_A_FILE",
      }
    }
    getApproverWithQuery={[Function]}
    getAvatarUrl={[Function]}
    getMentionWithQuery={[Function]}
    isDisabled={false}
    onAnnotationDelete={[Function]}
    onAnnotationSelect={[Function]}
    onAppActivityDelete={[Function]}
    onCommentCreate={[Function]}
    onCommentDelete={[Function]}
    onCommentUpdate={[Function]}
    onTaskAssignmentUpdate={[Function]}
    onTaskCreate={[Function]}
    onTaskDelete={[Function]}
    onTaskModalClose={[Function]}
    onTaskUpdate={[Function]}
    onVersionHistoryClick={[Function]}
  />
</SidebarContent>
`;
