// Jest Snapshot v1, https://goo.gl/fbAQLP

exports[`elements/content-sidebar/AddTaskMenu render should render a default component with default props 1`] = `
<DropdownMenu
  constrainToScrollParent={true}
  constrainToWindow={false}
  isRightAligned={true}
>
  <Button
    className=""
    isLoading={false}
    showRadar={false}
    type="button"
  >
    <MenuToggle>
      <FormattedMessage
        defaultMessage="Add Task"
        id="be.contentSidebar.addTask"
      />
    </MenuToggle>
  </Button>
  <Menu
    className="bcs-AddTaskMenu"
    isHidden={false}
    isSubmenu={false}
  >
    <MenuItem
      className="bcs-AddTaskMenu-menuItem"
      onClick={[Function]}
    >
      <div
        className="bcs-AddTaskMenu-icon"
      >
        <IconTaskGeneral
          height={30}
          width={30}
        />
      </div>
      <div>
        <div
          className="bcs-AddTaskMenu-title"
        >
          <FormattedMessage
            defaultMessage="General Task"
            id="be.contentSidebar.addTask.general"
          />
        </div>
        <div
          className="bcs-AddTaskMenu-description"
        >
          <FormattedMessage
            defaultMessage="Assignees will be responsible for marking tasks as complete"
            id="be.contentSidebar.addTask.general.description"
          />
        </div>
      </div>
    </MenuItem>
    <MenuItem
      className="bcs-AddTaskMenu-menuItem"
      onClick={[Function]}
    >
      <div
        className="bcs-AddTaskMenu-icon"
      >
        <IconTaskApproval
          height={30}
          width={30}
        />
      </div>
      <div>
        <div
          className="bcs-AddTaskMenu-title"
        >
          <FormattedMessage
            defaultMessage="Approval Task"
            id="be.contentSidebar.addTask.approval"
          />
        </div>
        <div
          className="bcs-AddTaskMenu-description"
        >
          <FormattedMessage
            defaultMessage="Assignees will be responsible for approving or rejecting tasks"
            id="be.contentSidebar.addTask.approval.description"
          />
        </div>
      </div>
    </MenuItem>
  </Menu>
</DropdownMenu>
`;
