// Jest Snapshot v1, https://goo.gl/fbAQLP

exports[`elements/content-sidebar/DocGenSidebar should render DocGen sidebar component correctly with search and tags list 1`] = `
<SidebarContent
  elementId=""
  sidebarView="metadata"
  title="Box DocGen"
>
  <input
    placeholder="Search"
  />
  <div>
    <p
      key="isActive"
    >
      isActive
    </p>
    <p
      key="about"
    >
      about
    </p>
    <p
      key="phone"
    >
      phone
    </p>
    <p
      key="company"
    >
      company
    </p>
  </div>
</SidebarContent>
`;
