// Jest Snapshot v1, https://goo.gl/fbAQLP

exports[`elements/content-sidebar/SidebarContent should render sidebar content component 1`] = `
<div
  aria-labelledby="bcs_5_activity"
  className="bcs-content"
  data-testid="bcs-content"
  id="bcs_5_activity-content"
  role="tabpanel"
>
  <div
    className="bcs-content-header"
  >
    <h2
      className="bcs-title"
    >
      title
    </h2>
  </div>
  <div
    className="bcs-scroll-content-wrapper"
  >
    <div
      className="bcs-scroll-content"
    >
      children
    </div>
  </div>
</div>
`;
