// Jest Snapshot v1, https://goo.gl/fbAQLP

exports[`elements/content-open-with/ExecuteForm should render an input for each param 1`] = `
<form
  action="foo.com"
  id="bcow-execute-form-undefined"
  method="POST"
  rel="noreferrer noopener"
  target="_blank"
>
  <input
    key="foo"
    name="foo"
    type="hidden"
    value="bar"
  />
  <input
    key="bar"
    name="bar"
    type="hidden"
    value="baz"
  />
</form>
`;
