// Jest Snapshot v1, https://goo.gl/fbAQLP

exports[`feature/footer-indicator/FooterIndicator should render a FooterIndicator and a tooltip 1`] = `
<div
  className="bdl-FooterIndicator"
>
  <Tooltip
    constrainToScrollParent={false}
    constrainToWindow={true}
    isDisabled={false}
    position="top-right"
    targetWrapperClassName="bdl-FooterIndicator-tooltipTarget"
    text="abcdefghijklmnopqrstuvwxyz"
    theme="default"
  >
    <div
      className="bdl-FooterIndicator-content"
    >
      <span
        className="bdl-FooterIndicator-iconWrapper"
      >
        <IconPuzzlePiece
          height={14}
          width={14}
        />
      </span>
      <span
        className="bdl-FooterIndicator-text"
      >
        abcdefghijklmnopqrstuvwxyz
      </span>
    </div>
  </Tooltip>
</div>
`;
