// Jest Snapshot v1, https://goo.gl/fbAQLP

exports[`features/metadata-based-view/MetadataBasedItemList render() should render a default component correctly 1`] = `
<MetadataBasedItemList
  currentCollection={
    Object {
      "items": Array [
        Object {
          "id": "1",
          "metadata": Object {
            "enterprise": Object {
              "fields": Array [
                Object {
                  "displayName": "Type",
                  "key": "metadata.enterprise_12345.awesomeTemplate.type",
                  "type": "string",
                  "value": "bill",
                },
                Object {
                  "displayName": "Amount",
                  "key": "metadata.enterprise_12345.awesomeTemplate.amount",
                  "type": "float",
                  "value": 100.12,
                },
                Object {
                  "displayName": "Created",
                  "key": "metadata.enterprise_12345.awesomeTemplate.created",
                  "type": "date",
                  "value": "2020-08-18T00:00:00.000Z",
                },
              ],
              "id": "11",
            },
          },
          "name": "name1.pdf",
          "size": "123",
        },
        Object {
          "id": "2",
          "metadata": Object {
            "enterprise": Object {
              "fields": Array [
                Object {
                  "displayName": "Type",
                  "key": "metadata.enterprise_12345.awesomeTemplate.type",
                  "type": "string",
                  "value": "receipt",
                },
                Object {
                  "displayName": "Amount",
                  "key": "metadata.enterprise_12345.awesomeTemplate.amount",
                  "type": "float",
                  "value": 200.88,
                },
                Object {
                  "displayName": "Created",
                  "key": "metadata.enterprise_12345.awesomeTemplate.created",
                  "type": "date",
                  "value": "2020-08-18T00:00:00.000Z",
                },
              ],
              "id": "22",
            },
          },
          "name": "name2.mp4",
          "size": "456",
        },
      ],
      "nextMarker": "abc",
    }
  }
  fieldsToShow={
    Array [
      "size",
      Object {
        "canEdit": true,
        "key": "metadata.enterprise_12345.awesomeTemplate.amount",
      },
      Object {
        "canEdit": true,
        "displayName": "Created At",
        "key": "metadata.enterprise_12345.awesomeTemplate.created",
      },
      Object {
        "canEdit": true,
        "key": "invalidKey",
      },
    ]
  }
  intl={
    Object {
      "formatMessage": [MockFunction],
    }
  }
  onItemClick={[MockFunction]}
  onMetadataUpdate={[MockFunction]}
>
  <Component>
    AutoSizer
  </Component>
</MetadataBasedItemList>
`;
