// Jest Snapshot v1, https://goo.gl/fbAQLP

exports[`features/metadata-view/components/FilterValueField render SingleSelectField should correctly render a DatePicker for a valueType of date 1`] = `
<div
  className="filter-dropdown-text-field-container"
>
  <TextInput
    disabled={true}
    hideLabel={true}
    label="Text Input"
    name="Text field"
    placeholder="Enter value"
    value=""
  />
</div>
`;

exports[`features/metadata-view/components/FilterValueField render SingleSelectField should correctly render a SingleSelectField for a valueType of enum 1`] = `
<div
  className="filter-dropdown-text-field-container"
>
  <TextInput
    disabled={true}
    hideLabel={true}
    label="Text Input"
    name="Text field"
    placeholder="Enter value"
    value=""
  />
</div>
`;

exports[`features/metadata-view/components/FilterValueField render SingleSelectField should correctly render a TextInput for a valueType of float 1`] = `
<div
  className="filter-dropdown-text-field-container"
>
  <TextInput
    disabled={true}
    hideLabel={true}
    label="Text Input"
    name="Text field"
    placeholder="Enter value"
    value=""
  />
</div>
`;

exports[`features/metadata-view/components/FilterValueField render SingleSelectField should correctly render a TextInput for a valueType of number 1`] = `
<div
  className="filter-dropdown-text-field-container"
>
  <TextInput
    disabled={true}
    hideLabel={true}
    label="Text Input"
    name="Text field"
    placeholder="Enter value"
    value=""
  />
</div>
`;

exports[`features/metadata-view/components/FilterValueField render SingleSelectField should correctly render a TextInput for a valueType of string 1`] = `
<div
  className="filter-dropdown-text-field-container"
>
  <TextInput
    disabled={true}
    hideLabel={true}
    label="Text Input"
    name="Text field"
    placeholder="Enter value"
    value=""
  />
</div>
`;
