// Jest Snapshot v1, https://goo.gl/fbAQLP

exports[`features/content-explorer/content-explorer/ContentExplorer render() customInput should be contain a custom input if the prop is passed 1`] = `
<div
  className="content-explorer"
  data-testid="content-explorer"
  onClick={[Function]}
>
  <ContentExplorerHeaderActions
    contentExplorerMode="selectFile"
    customInput={[Function]}
    foldersPath={
      Array [
        Object {
          "id": "0",
          "name": "folder",
        },
      ]
    }
    onEnterFolder={[Function]}
    onExitSearch={[Function]}
    onFoldersPathUpdated={[Function]}
    onSearchSubmit={[Function]}
    searchInputProps={Object {}}
  />
  <ItemList
    contentExplorerMode="selectFile"
    height={500}
    items={Array []}
    noItemsRenderer={[Function]}
    numItemsPerPage={100}
    numTotalItems={100}
    onItemClick={[Function]}
    onItemDoubleClick={[Function]}
    onItemNameClick={[Function]}
    onLoadMoreItems={[Function]}
    selectedItems={Object {}}
    width={500}
  />
  <ContentExplorerActionButtons
    actionButtonsProps={Object {}}
    areButtonsDisabled={true}
    cancelButtonProps={Object {}}
    chooseButtonProps={Object {}}
    contentExplorerMode="selectFile"
    currentFolder={
      Object {
        "id": "0",
        "name": "folder",
      }
    }
    selectedItems={Object {}}
  />
</div>
`;
