// Jest Snapshot v1, https://goo.gl/fbAQLP

exports[`components/core/collapsible-sidebar/CollapsibleSidebar render 1`] = `
<aside
  className="bdl-CollapsibleSidebar-wrapper"
>
  <CollapsibleSidebar__StyledNav
    className="is-expanded bdl-CollapsibleSidebar foo"
    onKeyDown={[Function]}
  >
    <span
      key="1"
    >
      abc
    </span>
    <span
      key="2"
    >
      def
    </span>
  </CollapsibleSidebar__StyledNav>
</aside>
`;
