// Jest Snapshot v1, https://goo.gl/fbAQLP

exports[`features/query-bar/components/filter/Condition render() should render Condition 1`] = `
<div
  className="condition-container"
>
  <div
    className="condition-delete-button"
  >
    <button
      className="delete-button"
      onClick={[Function]}
      type="button"
    >
      <IconClose
        color="#999EA4"
        height={18}
        width={18}
      />
    </button>
  </div>
  <div
    className="condition-connector"
  >
    <p
      className="condition-connector-text"
    >
      <FormattedMessage
        defaultMessage="WHERE"
        id="boxui.queryBar.connectorWhereText"
      />
    </p>
  </div>
  <div
    className="condition-column-dropdown-container"
  >
    <div
      className="filter-dropdown-single-select-field-container"
    >
      <SingleSelectField
        fieldType="column"
        isDisabled={false}
        onChange={[Function]}
        options={
          Array [
            Object {
              "displayText": "Contract Value",
              "type": "enum",
              "value": "3",
            },
          ]
        }
        selectedValue="3"
      />
    </div>
  </div>
  <div
    className="condition-operator-dropdown-container"
  >
    <div
      className="filter-dropdown-single-select-field-container"
    >
      <SingleSelectField
        fieldType="operator"
        isDisabled={false}
        onChange={[Function]}
        options={
          Array [
            Object {
              "displayText": "is",
              "value": "=",
            },
            Object {
              "displayText": "is not",
              "value": "<>",
            },
            Object {
              "displayText": "is greater than",
              "value": ">",
            },
            Object {
              "displayText": "is less than",
              "value": "<",
            },
          ]
        }
        selectedValue="="
      />
    </div>
  </div>
  <div
    className="condition-value-dropdown-container"
  >
    <ValueField
      onChange={[Function]}
      selectedValues={Array []}
      valueOptions={
        Array [
          Object {
            "displayText": "$100",
            "value": "$100",
          },
        ]
      }
      valueType="enum"
    />
  </div>
</div>
`;
