// Jest Snapshot v1, https://goo.gl/fbAQLP

exports[`components/label/InfoIconWithTooltip should render correctly 1`] = `
<span
  className="test-class tooltip-icon-container"
  key="infoIcon"
>
  <TooltipProvider>
    <Tooltip
      content="I am a tooltip"
    >
      <ForwardRef>
        <span
          className="info-icon-container"
        >
          <InfoBadge16
            a="a"
            b="b"
            c="c"
          />
        </span>
      </ForwardRef>
    </Tooltip>
  </TooltipProvider>
</span>
`;
