// Jest Snapshot v1, https://goo.gl/fbAQLP

exports[`features/metadata-instance-editor/fields/DateMetadataField should correctly render a date field 1`] = `
<DatePicker
  className="bdl-DateMetadataField"
  dateFormat="utcISOString"
  displayFormat={
    Object {
      "day": "numeric",
      "month": "long",
      "year": "numeric",
    }
  }
  hideOptionalLabel={true}
  onChange={[Function]}
  value={2018-06-13T07:00:00.000Z}
/>
`;
