// Jest Snapshot v1, https://goo.gl/fbAQLP

exports[`components/text-input/TextInput should render text input with description 1`] = `
<div
  className="text-input-container"
>
  <Label
    showOptionalText={true}
  >
    <i
      className="text-input-description"
    >
      some description
    </i>
    <Tooltip
      constrainToScrollParent={false}
      constrainToWindow={true}
      isShown={false}
      position="middle-right"
      text=""
      theme="error"
    >
      <input />
    </Tooltip>
  </Label>
</div>
`;
