// Jest Snapshot v1, https://goo.gl/fbAQLP

exports[`features/virtualized-table-renderers/draggableRowRenderer should wrap row in Draggable and set correct props 1`] = `
<Connect(Draggable)
  disableInteractiveElementBlocking={false}
  draggableId="0-0"
  index={0}
  isDragDisabled={false}
  key="0-0"
>
  <Component />
</Connect(Draggable)>
`;

exports[`features/virtualized-table-renderers/draggableRowRenderer should wrap row in Draggable and set correct props 2`] = `
<div
  aria-rowindex={1}
  className=""
  key="0-0"
  role="row"
  style={
    Object {
      "height": 52,
      "left": 0,
      "top": 156,
    }
  }
/>
`;
