// Jest Snapshot v1, https://goo.gl/fbAQLP

exports[`icons/general/IconCheck should correctly render icon with specified color 1`] = `
<AccessibleSVG
  className="icon-check "
  height={24}
  viewBox="0 0 24 24"
  width={24}
>
  <path
    d="M0 0h24v24H0z"
    fill="none"
  />
  <path
    className="fill-color"
    d="M9 16.17L4.83 12l-1.42 1.41L9 19 21 7l-1.41-1.41z"
    fill="#ffffff"
  />
</AccessibleSVG>
`;
