// Jest Snapshot v1, https://goo.gl/fbAQLP

exports[`icons/general/IconAccepted should correctly render default icon 1`] = `
<AccessibleSVG
  className="icon-accepted "
  height={16}
  viewBox="0 0 16 16"
  width={16}
>
  <g
    fill="none"
    fillRule="evenodd"
  >
    <circle
      cx={8}
      cy={8}
      fill="#26C281"
      r={8}
    />
    <path
      d="M7.051 9.253L4.965 7.172 3.75 8.423l3.301 3.327 5.699-5.751-1.235-1.249-4.464 4.503z"
      fill="#FFF"
    />
  </g>
</AccessibleSVG>
`;
