// Jest Snapshot v1, https://goo.gl/fbAQLP

exports[`components/visual-tooltip/VisualTooltip should correctly render default component 1`] = `
<VisualTooltip
  content="Hey I am content"
  imageSrc="test-file-stub"
  isShown={true}
  title="I am a title"
>
  <Tooltip
    className="VisualTooltip"
    constrainToScrollParent={false}
    constrainToWindow={true}
    isDisabled={false}
    isShown={true}
    position="top-center"
    showCloseButton={true}
    text={<VisualTooltipContent />}
    theme="callout"
  >
    <TetherComponent
      attachment="bottom center"
      bodyElement={
        <body>
          <div
            class="tooltip-element tooltip-enabled tooltip-abutted tooltip-abutted-left tooltip-abutted-right tooltip-abutted-top tooltip-abutted-bottom tooltip-element-attached-bottom tooltip-element-attached-center tooltip-target-attached-top tooltip-target-attached-center"
            style="top: 0px; left: 0px; position: absolute; transform: translateX(0px) translateY(0px) translateZ(0);"
          >
            <div
              aria-live="polite"
              class="tooltip bdl-Tooltip VisualTooltip is-callout with-close-button"
              id="tooltip1"
              role="tooltip"
            >
              <div
                class="VisualTooltip--wrap"
              >
                <div
                  class="VisualTooltip--imageWrapper"
                >
                  <img
                    alt="I am a title"
                    class="VisualTooltip--image"
                    src="test-file-stub"
                  />
                </div>
                <div
                  class="VisualTooltip--contentWrapper"
                >
                  <h4
                    class="VisualTooltip--title"
                  >
                    I am a title
                  </h4>
                  <p
                    class="VisualTooltip--content"
                  >
                    Hey I am content
                  </p>
                </div>
              </div>
              <button
                class="btn-plain tooltip-close-button"
                type="submit"
              >
                <svg
                  class="bdl-Tooltip-iconClose"
                  focusable="false"
                  height="14"
                  role="presentation"
                  viewBox="0 0 16 16"
                  width="14"
                >
                  <path
                    d="M8 6.586l4.182-4.182a.5.5 0 01.707 0l.707.707a.5.5 0 010 .707L9.414 8l4.182 4.182a.5.5 0 010 .707l-.707.707a.5.5 0 01-.707 0L8 9.414l-4.182 4.182a.5.5 0 01-.707 0l-.707-.707a.5.5 0 010-.707L6.586 8 2.404 3.818a.5.5 0 010-.707l.707-.707a.5.5 0 01.707 0L8 6.586z"
                    fill="#909090"
                    fill-rule="evenodd"
                  />
                </svg>
              </button>
            </div>
          </div>
          <div
            data-tether-id="1"
            style="top: 0px; left: 0px; position: absolute;"
          />
        </body>
      }
      classPrefix="tooltip"
      constraints={
        Array [
          Object {
            "attachment": "together",
            "to": "window",
          },
        ]
      }
      enabled={true}
      renderElementTag="div"
      renderElementTo={null}
      targetAttachment="top center"
    >
      <Button
        aria-describedby="tooltip1"
        className=""
        isLoading={false}
        key=".0"
        showRadar={false}
        type="submit"
      >
        <button
          aria-describedby="tooltip1"
          className="btn"
          onClick={[Function]}
          type="submit"
        >
          <span
            className="btn-content"
          >
            Callout
          </span>
        </button>
      </Button>
      <Portal
        containerInfo={
          <div
            class="tooltip-element tooltip-enabled tooltip-abutted tooltip-abutted-left tooltip-abutted-right tooltip-abutted-top tooltip-abutted-bottom tooltip-element-attached-bottom tooltip-element-attached-center tooltip-target-attached-top tooltip-target-attached-center"
            style="top: 0px; left: 0px; position: absolute; transform: translateX(0px) translateY(0px) translateZ(0);"
          >
            <div
              aria-live="polite"
              class="tooltip bdl-Tooltip VisualTooltip is-callout with-close-button"
              id="tooltip1"
              role="tooltip"
            >
              <div
                class="VisualTooltip--wrap"
              >
                <div
                  class="VisualTooltip--imageWrapper"
                >
                  <img
                    alt="I am a title"
                    class="VisualTooltip--image"
                    src="test-file-stub"
                  />
                </div>
                <div
                  class="VisualTooltip--contentWrapper"
                >
                  <h4
                    class="VisualTooltip--title"
                  >
                    I am a title
                  </h4>
                  <p
                    class="VisualTooltip--content"
                  >
                    Hey I am content
                  </p>
                </div>
              </div>
              <button
                class="btn-plain tooltip-close-button"
                type="submit"
              >
                <svg
                  class="bdl-Tooltip-iconClose"
                  focusable="false"
                  height="14"
                  role="presentation"
                  viewBox="0 0 16 16"
                  width="14"
                >
                  <path
                    d="M8 6.586l4.182-4.182a.5.5 0 01.707 0l.707.707a.5.5 0 010 .707L9.414 8l4.182 4.182a.5.5 0 010 .707l-.707.707a.5.5 0 01-.707 0L8 9.414l-4.182 4.182a.5.5 0 01-.707 0l-.707-.707a.5.5 0 010-.707L6.586 8 2.404 3.818a.5.5 0 010-.707l.707-.707a.5.5 0 01.707 0L8 6.586z"
                    fill="#909090"
                    fill-rule="evenodd"
                  />
                </svg>
              </button>
            </div>
          </div>
        }
      >
        <div
          aria-live="polite"
          className="tooltip bdl-Tooltip VisualTooltip is-callout with-close-button"
          id="tooltip1"
          key=".1"
          role="tooltip"
        >
          <VisualTooltipContent>
            <div
              className="VisualTooltip--wrap"
            >
              <div
                className="VisualTooltip--imageWrapper"
              >
                <img
                  alt="I am a title"
                  className="VisualTooltip--image"
                  src="test-file-stub"
                />
              </div>
              <div
                className="VisualTooltip--contentWrapper"
              >
                <h4
                  className="VisualTooltip--title"
                >
                  I am a title
                </h4>
                <p
                  className="VisualTooltip--content"
                >
                  Hey I am content
                </p>
              </div>
            </div>
          </VisualTooltipContent>
          <PlainButton
            className="tooltip-close-button"
            onClick={[Function]}
          >
            <button
              className="btn-plain tooltip-close-button"
              onClick={[Function]}
              type="submit"
            >
              <X16
                className="bdl-Tooltip-iconClose"
                height={14}
                width={14}
              >
                <AccessibleSVG
                  className="bdl-Tooltip-iconClose"
                  height={14}
                  viewBox="0 0 16 16"
                  width={14}
                >
                  <svg
                    className="bdl-Tooltip-iconClose"
                    focusable="false"
                    height={14}
                    role="presentation"
                    viewBox="0 0 16 16"
                    width={14}
                  >
                    <path
                      d="M8 6.586l4.182-4.182a.5.5 0 01.707 0l.707.707a.5.5 0 010 .707L9.414 8l4.182 4.182a.5.5 0 010 .707l-.707.707a.5.5 0 01-.707 0L8 9.414l-4.182 4.182a.5.5 0 01-.707 0l-.707-.707a.5.5 0 010-.707L6.586 8 2.404 3.818a.5.5 0 010-.707l.707-.707a.5.5 0 01.707 0L8 6.586z"
                      fill="#909090"
                      fillRule="evenodd"
                    />
                  </svg>
                </AccessibleSVG>
              </X16>
            </button>
          </PlainButton>
        </div>
      </Portal>
    </TetherComponent>
  </Tooltip>
</VisualTooltip>
`;
