// Jest Snapshot v1, https://goo.gl/fbAQLP

exports[`elements/content-sidebar/ActivityFeed/activity-feed/ActivityFeed should not render approval comment form if comment permissions are not present 1`] = `
<div
  className="bcs-activity-feed"
  data-testid="activityfeed"
  onKeyDown={[Function]}
>
  <div
    className="bcs-activity-feed-items-container"
    onScroll={[Function]}
  >
    <div
      className="bcs-activity-feed-loading-state"
    >
      <LoadingIndicator />
    </div>
  </div>
</div>
`;

exports[`elements/content-sidebar/ActivityFeed/activity-feed/ActivityFeed should not render approval comment form if only comment submit handler is not passed in 1`] = `
<div
  className="bcs-activity-feed"
  data-testid="activityfeed"
  onKeyDown={[Function]}
>
  <div
    className="bcs-activity-feed-items-container"
    onScroll={[Function]}
  >
    <div
      className="bcs-activity-feed-loading-state"
    >
      <LoadingIndicator />
    </div>
  </div>
</div>
`;

exports[`elements/content-sidebar/ActivityFeed/activity-feed/ActivityFeed should render approval comment form if comment submit handler is passed in and comment permissions 1`] = `
<div
  className="bcs-activity-feed"
  data-testid="activityfeed"
  onKeyDown={[Function]}
>
  <div
    className="bcs-activity-feed-items-container"
    onScroll={[Function]}
  >
    <div
      className="bcs-activity-feed-loading-state"
    >
      <LoadingIndicator />
    </div>
  </div>
</div>
`;
