// Jest Snapshot v1, https://goo.gl/fbAQLP

exports[`components/label-pill/LabelPill should include DOM for tooltip if specified 1`] = `
<LabelPill>
  <span
    className="bdl-LabelPill bdl-LabelPill--default bdl-LabelPill--sizeLarge"
  >
    <LabelPillText>
      <span
        className="bdl-LabelPill-textContent"
      >
        <FormattedMessage
          defaultMessage="test message"
          description="test message description"
          id="id.test"
        >
          <span>
            test message
          </span>
        </FormattedMessage>
      </span>
    </LabelPillText>
  </span>
</LabelPill>
`;

exports[`components/label-pill/LabelPill should render default DOM with icon component 1`] = `
<LabelPill>
  <span
    className="bdl-LabelPill bdl-LabelPill--default bdl-LabelPill--sizeLarge"
  >
    <LabelPillIcon
      Component={[Function]}
    >
      <MockIcon
        className="bdl-LabelPill-iconContent"
        height={12}
        width={12}
      >
        <svg
          className="bdl-LabelPill-iconContent"
          height={12}
          width={12}
        >
          <g />
        </svg>
      </MockIcon>
    </LabelPillIcon>
  </span>
</LabelPill>
`;

exports[`components/label-pill/LabelPill should render default DOM with message 1`] = `
<LabelPill>
  <span
    className="bdl-LabelPill bdl-LabelPill--default bdl-LabelPill--sizeLarge"
  >
    <LabelPillText>
      <span
        className="bdl-LabelPill-textContent"
      >
        <FormattedMessage
          defaultMessage="test message"
          description="test message description"
          id="id.test"
        >
          <span>
            test message
          </span>
        </FormattedMessage>
      </span>
    </LabelPillText>
  </span>
</LabelPill>
`;
