// Jest Snapshot v1, https://goo.gl/fbAQLP

exports[`elements/content-sidebar/ActivityFeed/annotations/AnnotationActivityLink should correctly render annotation activity link 1`] = `
<PlainButton
  className="bcs-AnnotationActivity-link"
  data-resin-target="markupLink"
  isDisabled={false}
  onClick={[Function]}
  type="button"
>
  <FormattedMessage
    defaultMessage="Page {number}"
    id="be.contentSidebar.activityFeed.annotationActivityPageItem"
    values={
      Object {
        "number": 1,
      }
    }
  />
</PlainButton>
`;
