// Jest Snapshot v1, https://goo.gl/fbAQLP

exports[`elements/content-sidebar/ActivityFeed/annotations/AnnotationActivityLink should correctly render annotation activity link 1`] = `
<PlainButton
  className="bcs-AnnotationActivityLink"
  data-resin-iscurrent="true"
  data-resin-itemid="123"
  data-resin-target="annotationLink"
  data-testid="bcs-AnnotationActivity-link"
  isDisabled={false}
  onClick={[Function]}
  onMouseDown={[Function]}
  type="button"
>
  <span
    className="bcs-AnnotationActivityLink-message"
  />
</PlainButton>
`;
