// Jest Snapshot v1, https://goo.gl/fbAQLP

exports[`elements/content-preview/PreviewNavigation render() should render correctly with a filled collection 1`] = `
<NavRouter>
  <Route
    path={
      Array [
        "/:activeTab/:deeplink",
        "/",
      ]
    }
  >
    <Component />
  </Route>
</NavRouter>
`;

exports[`elements/content-preview/PreviewNavigation render() should render correctly with a filled collection 2`] = `
<NavRouter>
  <Route
    path={
      Array [
        "/:activeTab/:deeplink",
        "/",
      ]
    }
  >
    <Component />
  </Route>
</NavRouter>
`;

exports[`elements/content-preview/PreviewNavigation render() should render correctly with a filled collection 3`] = `
<NavRouter>
  <Route
    path={
      Array [
        "/:activeTab/:deeplink",
        "/",
      ]
    }
  >
    <Component />
  </Route>
</NavRouter>
`;

exports[`elements/content-preview/PreviewNavigation render() should render correctly with an empty collection 1`] = `""`;
