// Jest Snapshot v1, https://goo.gl/fbAQLP

exports[`elements/content-sidebar/ActivityFeed/task-new/TaskDueDate should render the proper DOM structure 1`] = `
<TaskDueDate
  dueDate={2001-04-19T04:25:21.000Z}
  status="NOT_STARTED"
>
  <div
    className="bcs-TaskDueDate bcs-is-taskOverdue"
    data-testid="task-due-date"
  >
    <FormattedMessage
      defaultMessage="Due: {date}"
      id="be.contentSidebar.activityFeed.taskNew.taskDueDateLabel"
      values={
        Object {
          "date": <ReadableTime
            alwaysShowTime={true}
            timestamp={987654321000}
          />,
        }
      }
    >
      <div />
    </FormattedMessage>
  </div>
</TaskDueDate>
`;
