// Jest Snapshot v1, https://goo.gl/fbAQLP

exports[`components/grid-view/GridView should render() 1`] = `
<Table
  className="bdl-GridView"
  disableHeader={true}
  estimatedRowSize={30}
  gridClassName="bdl-GridView-body"
  headerHeight={0}
  headerRowRenderer={[Function]}
  headerStyle={Object {}}
  height={600}
  noRowsRenderer={[Function]}
  onRowsRendered={[Function]}
  onScroll={[Function]}
  overscanIndicesGetter={[Function]}
  overscanRowCount={10}
  rowClassName="bdl-GridView-tableRow"
  rowCount={1}
  rowGetter={[Function]}
  rowHeight={[Function]}
  rowRenderer={[Function]}
  rowStyle={Object {}}
  scrollToAlignment="auto"
  scrollToIndex={0}
  sortDirection="ASC"
  style={Object {}}
  width={400}
>
  <Column
    cellDataGetter={[Function]}
    cellRenderer={[Function]}
    dataKey=""
    defaultSortDirection="ASC"
    flexGrow={1}
    flexShrink={1}
    headerRenderer={[Function]}
    style={Object {}}
    width={400}
  />
</Table>
`;
